// Jest Snapshot v1, https://goo.gl/fbAQLP

exports[`renders correctly 1`] = `
<div
  className="runningText"
>
  <p>
    This is the test paragraph
  </p>
</div>
`;
